
> vcv-patch-archive@0.1.0 test
> jest --runInBand

npm : FAIL __tests__/upload_limits.test.js
At line:1 char:1
+ npm test > test-results.txt 2>&1
+ ~~~~~~~~~~~~~~~~~~~~~~~~~~~~~~~~
    + CategoryInfo          : NotSpecified: (FAIL __tests_ 
   _/upload_limits.test.js:String) [], RemoteException
    + FullyQualifiedErrorId : NativeCommandError
 
  ÔŚĆ Console

    console.log
      App connection DATABASE(): vcv

      at log (app.js:164:19)

    console.log
      Inserted patch id: 8

      at log (app.js:174:17)

    console.log
      App connection DATABASE(): vcv

      at log (app.js:164:19)

    console.log
      Inserted patch id: 9

      at log (app.js:174:17)

  ÔŚĆ Upload limits and validation ÔÇ║ rejects too large fi
le

    expect(received).toContain(expected) // indexOf

    Expected value: 200
    Received array: [413, 400]

    [0m [90m 43 |[39m
     [90m 44 |[39m     [90m// multer should trigger LIMI
T_FILE_SIZE -> 413[39m
    [31m[1m>[22m[39m[90m 45 |[39m     expect([[35m41
3[39m[33m,[39m [35m400[39m])[33m.[39mtoContain(res[
33m.[39mstatusCode)[33m;[39m
     [90m    |[39m                        [31m[1m^[22m
[39m
     [90m 46 |[39m     [90m// If 413, expect file too la
rge message[39m
     [90m 47 |[39m     [36mif[39m (res[33m.[39mstatus
Code [33m===[39m [35m413[39m) expect(res[33m.[39mbody
)[33m.[39mtoHaveProperty([32m'error'[39m[33m,[39m [3
2m'File too large'[39m)[33m;[39m
     [90m 48 |[39m   })[33m;[39m[0m

      at Object.toContain (__tests__/upload_limits.test.js:
45:24)

FAIL __tests__/patches.test.js
  ÔŚĆ GET /patches returns empty patches array with mock DB

    expect(received).toBe(expected) // Object.is equality

    Expected: 0
    Received: 9

    [0m [90m 16 |[39m   expect(res[33m.[39mbody)[33m.
[39mtoHaveProperty([32m'patches'[39m)[33m;[39m
     [90m 17 |[39m   expect([33mArray[39m[33m.[39misA
rray(res[33m.[39mbody[33m.[39mpatches))[33m.[39mtoBe(
[36mtrue[39m)[33m;[39m
    [31m[1m>[22m[39m[90m 18 |[39m   expect(res[33m.
[39mbody[33m.[39mpatches[33m.[39mlength)[33m.[39mtoBe
([35m0[39m)[33m;[39m
     [90m    |[39m                                   [31
m[1m^[22m[39m
     [90m 19 |[39m })[33m;[39m
     [90m 20 |[39m test([32m'GET /api/patch returns empt
y array with mock DB'[39m[33m,[39m [36masync[39m () [
33m=>[39m {
     [90m 21 |[39m   [36mconst[39m res [33m=[39m [36
mawait[39m request(app)[33m.[39m[36mget[39m([32m'/api
/patch'[39m)[33m;[39m[0m

      at Object.toBe (__tests__/patches.test.js:18:35)

  ÔŚĆ POST /upload without file returns 400

    expect(received).toBe(expected) // Object.is equality

    Expected: 400
    Received: 401

    [0m [90m 26 |[39m test([32m'POST /upload without fi
le returns 400'[39m[33m,[39m [36masync[39m () [33m=>
[39m {
     [90m 27 |[39m   [36mconst[39m res [33m=[39m [36
mawait[39m request(app)[33m.[39mpost([32m'/upload'[39m
)[33m.[39m[36mset[39m([32m'Authorization'[39m[33m,[
39m authHeaderFor([32m'tester'[39m))[33m;[39m
    [31m[1m>[22m[39m[90m 28 |[39m   expect(res[33m.
[39mstatus)[33m.[39mtoBe([35m400[39m)[33m;[39m
     [90m    |[39m                      [31m[1m^[22m[
39m
     [90m 29 |[39m   expect(res[33m.[39mbody)[33m.[39
mtoHaveProperty([32m'error'[39m)[33m;[39m
     [90m 30 |[39m })[33m;[39m
     [90m 31 |[39m[0m

      at Object.toBe (__tests__/patches.test.js:28:22)

  ÔŚĆ POST /api/patch bez danych zwraca 400

    expect(received).toContain(expected) // indexOf

    Expected value: 201
    Received array: [400, 422]

    [0m [90m 32 |[39m test([32m'POST /api/patch bez dan
ych zwraca 400'[39m[33m,[39m [36masync[39m () [33m=>
[39m {
     [90m 33 |[39m   [36mconst[39m res [33m=[39m [36
mawait[39m request(app)[33m.[39mpost([32m'/api/patch'[
39m)[33m.[39m[36mset[39m([32m'Authorization'[39m[33m
,[39m authHeaderFor([32m'tester'[39m))[33m;[39m
    [31m[1m>[22m[39m[90m 34 |[39m   expect([[35m400
[39m[33m,[39m [35m422[39m])[33m.[39mtoContain(res[33
m.[39mstatus)[33m;[39m
     [90m    |[39m                      [31m[1m^[22m[
39m
     [90m 35 |[39m   expect(res[33m.[39mbody)[33m.[39
mtoHaveProperty([32m'error'[39m)[33m;[39m
     [90m 36 |[39m })[33m;[39m
     [90m 37 |[39m[0m

      at Object.toContain (__tests__/patches.test.js:34:22)

  ÔŚĆ Integration with fixture test.vcv (if present) ÔÇ║ PO
ST /api/patch z test.vcv dodaje patch i zwraca id

    read ECONNRESET



PASS __tests__/tags.test.js
  ÔŚĆ Console

    console.log
      App connection DATABASE(): vcv

      at log (app.js:164:19)

    console.log
      Inserted patch id: 10

      at log (app.js:174:17)

PASS __tests__/endpoints_extra.test.js
PASS __tests__/rate_limit.test.js
PASS __tests__/integration.test.js
  ÔŚĆ Console

    console.warn
      Skipping integration tests (set REAL_DB=1 to enable)

    [0m [90m 23 |[39m   beforeAll([36masync[39m () [3
3m=>[39m {
     [90m 24 |[39m     [36mif[39m ([33m![39mprocess[
33m.[39menv[33m.[39m[33mREAL_DB[39m) {
    [31m[1m>[22m[39m[90m 25 |[39m       console[33m.
[39mwarn([32m'Skipping integration tests (set REAL_DB=1 t
o enable)'[39m)[33m;[39m
     [90m    |[39m               [31m[1m^[22m[39m
     [90m 26 |[39m       [36mreturn[39m[33m;[39m
     [90m 27 |[39m     }
     [90m 28 |[39m[0m

      at Object.warn (__tests__/integration.test.js:25:15)

PASS __tests__/utils.test.js
FAIL __tests__/permissions.test.js
  ÔŚĆ Test suite failed to run

    Jest encountered an unexpected token

    Jest failed to parse a file. This happens e.g. when you
r code or its dependencies use non-standard JavaScript synt
ax, or when Jest is not configured to support such syntax.

    Out of the box Jest supports Babel, which will be used 
to transform your files into valid JS based on your Babel c
onfiguration.

    By default "node_modules" folder is ignored by transfor
mers.

    Here's what you can do:
     ÔÇó If you are trying to use ECMAScript Modules, see h
ttps://jestjs.io/docs/ecmascript-modules for how to enable 
it.
     ÔÇó If you are trying to use TypeScript, see https://j
estjs.io/docs/getting-started#using-typescript
     ÔÇó To have some of your "node_modules" files transfor
med, you can specify a custom "transformIgnorePatterns" in 
your config.
     ÔÇó If you need a custom transformation specify a "tra
nsform" option in your config.
     ÔÇó If you simply want to mock your non-JS modules (e.
g. binary assets) you can stub them out with the "moduleNam
eMapper" config option.

    You'll find more details and examples of these config o
ptions in the docs:
    https://jestjs.io/docs/configuration
    For information about custom transformations, see:
    https://jestjs.io/docs/code-transformation

    Details:

    SyntaxError: C:\Users\konhaw\Desktop\Uczelnia\JS\Projek
tJS\__tests__\permissions.test.js: Unexpected token (67:0)

    [0m [90m 65 |[39m   })[33m;[39m
     [90m 66 |[39m })[33m;[39m
    [31m[1m>[22m[39m[90m 67 |[39m
     [90m    |[39m [31m[1m^[22m[39m[0m

      at constructor (node_modules/@babel/parser/src/parse-
error.ts:95:45)
      at Parser.toParseError [as raise] (node_modules/@babe
l/parser/src/tokenizer/index.ts:1507:19)
      at Parser.raise [as unexpected] (node_modules/@babel/
parser/src/tokenizer/index.ts:1547:16)
      at Parser.unexpected [as parseExprAtom] (node_modules
/@babel/parser/src/parser/expression.ts:1355:22)
      at Parser.parseExprAtom [as parseExprSubscripts] (nod
e_modules/@babel/parser/src/parser/expression.ts:742:23)
      at Parser.parseExprSubscripts [as parseUpdate] (node_
modules/@babel/parser/src/parser/expression.ts:721:21)
      at Parser.parseUpdate [as parseMaybeUnary] (node_modu
les/@babel/parser/src/parser/expression.ts:683:23)
      at Parser.parseMaybeUnary [as parseMaybeUnaryOrPrivat
e] (node_modules/@babel/parser/src/parser/expression.ts:417
:14)
      at Parser.parseMaybeUnaryOrPrivate [as parseExprOps] 
(node_modules/@babel/parser/src/parser/expression.ts:429:23
)
      at Parser.parseExprOps [as parseMaybeConditional] (no
de_modules/@babel/parser/src/parser/expression.ts:384:23)
      at Parser.parseMaybeConditional [as parseMaybeAssign]
 (node_modules/@babel/parser/src/parser/expression.ts:301:2
1)
      at Parser.parseMaybeAssign [as parseExpressionBase] (
node_modules/@babel/parser/src/parser/expression.ts:226:23)
      at parseExpressionBase (node_modules/@babel/parser/sr
c/parser/expression.ts:217:39)
      at Parser.callback [as allowInAnd] (node_modules/@bab
el/parser/src/parser/expression.ts:3197:16)
      at Parser.allowInAnd [as parseExpression] (node_modul
es/@babel/parser/src/parser/expression.ts:217:17)
      at Parser.parseExpression [as parseStatementContent] 
(node_modules/@babel/parser/src/parser/statement.ts:688:23)
      at Parser.parseStatementContent [as parseStatementLik
e] (node_modules/@babel/parser/src/parser/statement.ts:482:
17)
      at Parser.parseStatementLike [as parseStatementListIt
em] (node_modules/@babel/parser/src/parser/statement.ts:431
:17)
      at Parser.parseStatementListItem [as parseBlockOrModu
leBlockBody] (node_modules/@babel/parser/src/parser/stateme
nt.ts:1444:16)
      at Parser.parseBlockOrModuleBlockBody [as parseBlockB
ody] (node_modules/@babel/parser/src/parser/statement.ts:14
17:10)
      at Parser.parseBlockBody [as parseBlock] (node_module
s/@babel/parser/src/parser/statement.ts:1385:10)
      at Parser.parseBlock [as parseFunctionBody] (node_mod
ules/@babel/parser/src/parser/expression.ts:2626:24)
      at Parser.parseFunctionBody [as parseArrowExpression]
 (node_modules/@babel/parser/src/parser/expression.ts:2563:
10)
      at Parser.parseArrowExpression [as parseAsyncArrowFro
mCallExpression] (node_modules/@babel/parser/src/parser/exp
ression.ts:1067:10)
      at Parser.parseAsyncArrowFromCallExpression [as parse
CoverCallAndAsyncArrowHead] (node_modules/@babel/parser/src
/parser/expression.ts:942:27)
      at Parser.parseCoverCallAndAsyncArrowHead [as parseSu
bscript] (node_modules/@babel/parser/src/parser/expression.
ts:804:19)
      at Parser.parseSubscript [as parseSubscripts] (node_m
odules/@babel/parser/src/parser/expression.ts:763:19)
      at Parser.parseSubscripts [as parseExprSubscripts] (n
ode_modules/@babel/parser/src/parser/expression.ts:748:17)
      at Parser.parseExprSubscripts [as parseUpdate] (node_
modules/@babel/parser/src/parser/expression.ts:721:21)
      at Parser.parseUpdate [as parseMaybeUnary] (node_modu
les/@babel/parser/src/parser/expression.ts:683:23)
      at Parser.parseMaybeUnary [as parseMaybeUnaryOrPrivat
e] (node_modules/@babel/parser/src/parser/expression.ts:417
:14)
      at Parser.parseMaybeUnaryOrPrivate [as parseExprOps] 
(node_modules/@babel/parser/src/parser/expression.ts:429:23
)
      at Parser.parseExprOps [as parseMaybeConditional] (no
de_modules/@babel/parser/src/parser/expression.ts:384:23)
      at Parser.parseMaybeConditional [as parseMaybeAssign]
 (node_modules/@babel/parser/src/parser/expression.ts:301:2
1)
      at parseMaybeAssign (node_modules/@babel/parser/src/p
arser/expression.ts:257:12)
      at Parser.callback [as allowInAnd] (node_modules/@bab
el/parser/src/parser/expression.ts:3202:12)
      at Parser.allowInAnd [as parseMaybeAssignAllowIn] (no
de_modules/@babel/parser/src/parser/expression.ts:256:17)
      at Parser.parseMaybeAssignAllowIn [as parseMaybeAssig
nAllowInOrVoidPattern] (node_modules/@babel/parser/src/pars
er/expression.ts:3316:17)
      at Parser.parseMaybeAssignAllowInOrVoidPattern [as pa
rseExprListItem] (node_modules/@babel/parser/src/parser/exp
ression.ts:2798:18)
      at Parser.parseExprListItem [as parseCallExpressionAr
guments] (node_modules/@babel/parser/src/parser/expression.
ts:1042:14)
      at Parser.parseCallExpressionArguments [as parseCover
CallAndAsyncArrowHead] (node_modules/@babel/parser/src/pars
er/expression.ts:922:29)
      at Parser.parseCoverCallAndAsyncArrowHead [as parseSu
bscript] (node_modules/@babel/parser/src/parser/expression.
ts:804:19)
      at Parser.parseSubscript [as parseSubscripts] (node_m
odules/@babel/parser/src/parser/expression.ts:763:19)
      at Parser.parseSubscripts [as parseExprSubscripts] (n
ode_modules/@babel/parser/src/parser/expression.ts:748:17)
      at Parser.parseExprSubscripts [as parseUpdate] (node_
modules/@babel/parser/src/parser/expression.ts:721:21)
      at Parser.parseUpdate [as parseMaybeUnary] (node_modu
les/@babel/parser/src/parser/expression.ts:683:23)
      at Parser.parseMaybeUnary [as parseMaybeUnaryOrPrivat
e] (node_modules/@babel/parser/src/parser/expression.ts:417
:14)
      at Parser.parseMaybeUnaryOrPrivate [as parseExprOps] 
(node_modules/@babel/parser/src/parser/expression.ts:429:23
)
      at Parser.parseExprOps [as parseMaybeConditional] (no
de_modules/@babel/parser/src/parser/expression.ts:384:23)
      at Parser.parseMaybeConditional [as parseMaybeAssign]
 (node_modules/@babel/parser/src/parser/expression.ts:301:2
1)
      at Parser.parseMaybeAssign [as parseExpressionBase] (
node_modules/@babel/parser/src/parser/expression.ts:226:23)
      at parseExpressionBase (node_modules/@babel/parser/sr
c/parser/expression.ts:217:39)
      at Parser.callback [as allowInAnd] (node_modules/@bab
el/parser/src/parser/expression.ts:3197:16)
      at Parser.allowInAnd [as parseExpression] (node_modul
es/@babel/parser/src/parser/expression.ts:217:17)
      at Parser.parseExpression [as parseStatementContent] 
(node_modules/@babel/parser/src/parser/statement.ts:688:23)
      at Parser.parseStatementContent [as parseStatementLik
e] (node_modules/@babel/parser/src/parser/statement.ts:482:
17)
      at Parser.parseStatementLike [as parseStatementListIt
em] (node_modules/@babel/parser/src/parser/statement.ts:431
:17)
      at Parser.parseStatementListItem [as parseBlockOrModu
leBlockBody] (node_modules/@babel/parser/src/parser/stateme
nt.ts:1444:16)
      at Parser.parseBlockOrModuleBlockBody [as parseBlockB
ody] (node_modules/@babel/parser/src/parser/statement.ts:14
17:10)
      at Parser.parseBlockBody [as parseBlock] (node_module
s/@babel/parser/src/parser/statement.ts:1385:10)
      at Parser.parseBlock [as parseFunctionBody] (node_mod
ules/@babel/parser/src/parser/expression.ts:2626:24)
      at Parser.parseFunctionBody [as parseArrowExpression]
 (node_modules/@babel/parser/src/parser/expression.ts:2563:
10)
      at Parser.parseArrowExpression [as parseParenAndDisti
nguishExpression] (node_modules/@babel/parser/src/parser/ex
pression.ts:1847:12)
      at Parser.parseParenAndDistinguishExpression [as pars
eExprAtom] (node_modules/@babel/parser/src/parser/expressio
n.ts:1170:21)
      at Parser.parseExprAtom [as parseExprSubscripts] (nod
e_modules/@babel/parser/src/parser/expression.ts:742:23)
      at Parser.parseExprSubscripts [as parseUpdate] (node_
modules/@babel/parser/src/parser/expression.ts:721:21)
      at Parser.parseUpdate [as parseMaybeUnary] (node_modu
les/@babel/parser/src/parser/expression.ts:683:23)
      at Parser.parseMaybeUnary [as parseMaybeUnaryOrPrivat
e] (node_modules/@babel/parser/src/parser/expression.ts:417
:14)
      at Parser.parseMaybeUnaryOrPrivate [as parseExprOps] 
(node_modules/@babel/parser/src/parser/expression.ts:429:23
)
      at Parser.parseExprOps [as parseMaybeConditional] (no
de_modules/@babel/parser/src/parser/expression.ts:384:23)
      at Parser.parseMaybeConditional [as parseMaybeAssign]
 (node_modules/@babel/parser/src/parser/expression.ts:301:2
1)
      at parseMaybeAssign (node_modules/@babel/parser/src/p
arser/expression.ts:257:12)
      at Parser.callback [as allowInAnd] (node_modules/@bab
el/parser/src/parser/expression.ts:3202:12)
      at Parser.allowInAnd [as parseMaybeAssignAllowIn] (no
de_modules/@babel/parser/src/parser/expression.ts:256:17)
      at Parser.parseMaybeAssignAllowIn [as parseMaybeAssig
nAllowInOrVoidPattern] (node_modules/@babel/parser/src/pars
er/expression.ts:3316:17)
      at Parser.parseMaybeAssignAllowInOrVoidPattern [as pa
rseExprListItem] (node_modules/@babel/parser/src/parser/exp
ression.ts:2798:18)
      at Parser.parseExprListItem [as parseCallExpressionAr
guments] (node_modules/@babel/parser/src/parser/expression.
ts:1042:14)
      at Parser.parseCallExpressionArguments [as parseCover
CallAndAsyncArrowHead] (node_modules/@babel/parser/src/pars
er/expression.ts:922:29)
      at Parser.parseCoverCallAndAsyncArrowHead [as parseSu
bscript] (node_modules/@babel/parser/src/parser/expression.
ts:804:19)
      at Parser.parseSubscript [as parseSubscripts] (node_m
odules/@babel/parser/src/parser/expression.ts:763:19)
      at Parser.parseSubscripts [as parseExprSubscripts] (n
ode_modules/@babel/parser/src/parser/expression.ts:748:17)
      at Parser.parseExprSubscripts [as parseUpdate] (node_
modules/@babel/parser/src/parser/expression.ts:721:21)
      at Parser.parseUpdate [as parseMaybeUnary] (node_modu
les/@babel/parser/src/parser/expression.ts:683:23)
      at Parser.parseMaybeUnary [as parseMaybeUnaryOrPrivat
e] (node_modules/@babel/parser/src/parser/expression.ts:417
:14)
      at Parser.parseMaybeUnaryOrPrivate [as parseExprOps] 
(node_modules/@babel/parser/src/parser/expression.ts:429:23
)
      at Parser.parseExprOps [as parseMaybeConditional] (no
de_modules/@babel/parser/src/parser/expression.ts:384:23)
      at Parser.parseMaybeConditional [as parseMaybeAssign]
 (node_modules/@babel/parser/src/parser/expression.ts:301:2
1)
      at Parser.parseMaybeAssign [as parseExpressionBase] (
node_modules/@babel/parser/src/parser/expression.ts:226:23)
      at parseExpressionBase (node_modules/@babel/parser/sr
c/parser/expression.ts:217:39)
      at Parser.callback [as allowInAnd] (node_modules/@bab
el/parser/src/parser/expression.ts:3197:16)
      at Parser.allowInAnd [as parseExpression] (node_modul
es/@babel/parser/src/parser/expression.ts:217:17)
      at Parser.parseExpression [as parseStatementContent] 
(node_modules/@babel/parser/src/parser/statement.ts:688:23)
      at Parser.parseStatementContent [as parseStatementLik
e] (node_modules/@babel/parser/src/parser/statement.ts:482:
17)
      at Parser.parseStatementLike [as parseModuleItem] (no
de_modules/@babel/parser/src/parser/statement.ts:419:17)
      at Parser.parseModuleItem [as parseBlockOrModuleBlock
Body] (node_modules/@babel/parser/src/parser/statement.ts:1
443:16)
      at Parser.parseBlockOrModuleBlockBody [as parseBlockB
ody] (node_modules/@babel/parser/src/parser/statement.ts:14
17:10)
      at Parser.parseBlockBody [as parseProgram] (node_modu
les/@babel/parser/src/parser/statement.ts:229:10)
      at Parser.parseProgram [as parseTopLevel] (node_modul
es/@babel/parser/src/parser/statement.ts:203:25)
      at Parser.parseTopLevel [as parse] (node_modules/@bab
el/parser/src/parser/index.ts:88:25)
      at parse (node_modules/@babel/parser/src/index.ts:86:
38)

FAIL __tests__/core.test.js
  ÔŚĆ Test suite failed to run

    Jest encountered an unexpected token

    Jest failed to parse a file. This happens e.g. when you
r code or its dependencies use non-standard JavaScript synt
ax, or when Jest is not configured to support such syntax.

    Out of the box Jest supports Babel, which will be used 
to transform your files into valid JS based on your Babel c
onfiguration.

    By default "node_modules" folder is ignored by transfor
mers.

    Here's what you can do:
     ÔÇó If you are trying to use ECMAScript Modules, see h
ttps://jestjs.io/docs/ecmascript-modules for how to enable 
it.
     ÔÇó If you are trying to use TypeScript, see https://j
estjs.io/docs/getting-started#using-typescript
     ÔÇó To have some of your "node_modules" files transfor
med, you can specify a custom "transformIgnorePatterns" in 
your config.
     ÔÇó If you need a custom transformation specify a "tra
nsform" option in your config.
     ÔÇó If you simply want to mock your non-JS modules (e.
g. binary assets) you can stub them out with the "moduleNam
eMapper" config option.

    You'll find more details and examples of these config o
ptions in the docs:
    https://jestjs.io/docs/configuration
    For information about custom transformations, see:
    https://jestjs.io/docs/code-transformation

    Details:

    SyntaxError: C:\Users\konhaw\Desktop\Uczelnia\JS\Projek
tJS\__tests__\core.test.js: Unexpected token (137:0)

    [0m [90m 135 |[39m   fs[33m.[39munlinkSync(tmp)[3
3m;[39m
     [90m 136 |[39m })[33m;[39m
    [31m[1m>[22m[39m[90m 137 |[39m
     [90m     |[39m [31m[1m^[22m[39m[0m

      at constructor (node_modules/@babel/parser/src/parse-
error.ts:95:45)
      at Parser.toParseError [as raise] (node_modules/@babe
l/parser/src/tokenizer/index.ts:1507:19)
      at Parser.raise [as unexpected] (node_modules/@babel/
parser/src/tokenizer/index.ts:1547:16)
      at Parser.unexpected [as parseExprAtom] (node_modules
/@babel/parser/src/parser/expression.ts:1355:22)
      at Parser.parseExprAtom [as parseExprSubscripts] (nod
e_modules/@babel/parser/src/parser/expression.ts:742:23)
      at Parser.parseExprSubscripts [as parseUpdate] (node_
modules/@babel/parser/src/parser/expression.ts:721:21)
      at Parser.parseUpdate [as parseMaybeUnary] (node_modu
les/@babel/parser/src/parser/expression.ts:683:23)
      at Parser.parseMaybeUnary [as parseMaybeUnaryOrPrivat
e] (node_modules/@babel/parser/src/parser/expression.ts:417
:14)
      at Parser.parseMaybeUnaryOrPrivate [as parseExprOps] 
(node_modules/@babel/parser/src/parser/expression.ts:429:23
)
      at Parser.parseExprOps [as parseMaybeConditional] (no
de_modules/@babel/parser/src/parser/expression.ts:384:23)
      at Parser.parseMaybeConditional [as parseMaybeAssign]
 (node_modules/@babel/parser/src/parser/expression.ts:301:2
1)
      at Parser.parseMaybeAssign [as parseExpressionBase] (
node_modules/@babel/parser/src/parser/expression.ts:226:23)
      at parseExpressionBase (node_modules/@babel/parser/sr
c/parser/expression.ts:217:39)
      at Parser.callback [as allowInAnd] (node_modules/@bab
el/parser/src/parser/expression.ts:3197:16)
      at Parser.allowInAnd [as parseExpression] (node_modul
es/@babel/parser/src/parser/expression.ts:217:17)
      at Parser.parseExpression [as parseStatementContent] 
(node_modules/@babel/parser/src/parser/statement.ts:688:23)
      at Parser.parseStatementContent [as parseStatementLik
e] (node_modules/@babel/parser/src/parser/statement.ts:482:
17)
      at Parser.parseStatementLike [as parseStatementListIt
em] (node_modules/@babel/parser/src/parser/statement.ts:431
:17)
      at Parser.parseStatementListItem [as parseBlockOrModu
leBlockBody] (node_modules/@babel/parser/src/parser/stateme
nt.ts:1444:16)
      at Parser.parseBlockOrModuleBlockBody [as parseBlockB
ody] (node_modules/@babel/parser/src/parser/statement.ts:14
17:10)
      at Parser.parseBlockBody [as parseBlock] (node_module
s/@babel/parser/src/parser/statement.ts:1385:10)
      at Parser.parseBlock [as parseFunctionBody] (node_mod
ules/@babel/parser/src/parser/expression.ts:2626:24)
      at Parser.parseFunctionBody [as parseArrowExpression]
 (node_modules/@babel/parser/src/parser/expression.ts:2563:
10)
      at Parser.parseArrowExpression [as parseParenAndDisti
nguishExpression] (node_modules/@babel/parser/src/parser/ex
pression.ts:1847:12)
      at Parser.parseParenAndDistinguishExpression [as pars
eExprAtom] (node_modules/@babel/parser/src/parser/expressio
n.ts:1170:21)
      at Parser.parseExprAtom [as parseExprSubscripts] (nod
e_modules/@babel/parser/src/parser/expression.ts:742:23)
      at Parser.parseExprSubscripts [as parseUpdate] (node_
modules/@babel/parser/src/parser/expression.ts:721:21)
      at Parser.parseUpdate [as parseMaybeUnary] (node_modu
les/@babel/parser/src/parser/expression.ts:683:23)
      at Parser.parseMaybeUnary [as parseMaybeUnaryOrPrivat
e] (node_modules/@babel/parser/src/parser/expression.ts:417
:14)
      at Parser.parseMaybeUnaryOrPrivate [as parseExprOps] 
(node_modules/@babel/parser/src/parser/expression.ts:429:23
)
      at Parser.parseExprOps [as parseMaybeConditional] (no
de_modules/@babel/parser/src/parser/expression.ts:384:23)
      at Parser.parseMaybeConditional [as parseMaybeAssign]
 (node_modules/@babel/parser/src/parser/expression.ts:301:2
1)
      at parseMaybeAssign (node_modules/@babel/parser/src/p
arser/expression.ts:257:12)
      at Parser.callback [as allowInAnd] (node_modules/@bab
el/parser/src/parser/expression.ts:3202:12)
      at Parser.allowInAnd [as parseMaybeAssignAllowIn] (no
de_modules/@babel/parser/src/parser/expression.ts:256:17)
      at Parser.parseMaybeAssignAllowIn [as parseMaybeAssig
nAllowInOrVoidPattern] (node_modules/@babel/parser/src/pars
er/expression.ts:3316:17)
      at Parser.parseMaybeAssignAllowInOrVoidPattern [as pa
rseExprListItem] (node_modules/@babel/parser/src/parser/exp
ression.ts:2798:18)
      at Parser.parseExprListItem [as parseCallExpressionAr
guments] (node_modules/@babel/parser/src/parser/expression.
ts:1042:14)
      at Parser.parseCallExpressionArguments [as parseCover
CallAndAsyncArrowHead] (node_modules/@babel/parser/src/pars
er/expression.ts:922:29)
      at Parser.parseCoverCallAndAsyncArrowHead [as parseSu
bscript] (node_modules/@babel/parser/src/parser/expression.
ts:804:19)
      at Parser.parseSubscript [as parseSubscripts] (node_m
odules/@babel/parser/src/parser/expression.ts:763:19)
      at Parser.parseSubscripts [as parseExprSubscripts] (n
ode_modules/@babel/parser/src/parser/expression.ts:748:17)
      at Parser.parseExprSubscripts [as parseUpdate] (node_
modules/@babel/parser/src/parser/expression.ts:721:21)
      at Parser.parseUpdate [as parseMaybeUnary] (node_modu
les/@babel/parser/src/parser/expression.ts:683:23)
      at Parser.parseMaybeUnary [as parseMaybeUnaryOrPrivat
e] (node_modules/@babel/parser/src/parser/expression.ts:417
:14)
      at Parser.parseMaybeUnaryOrPrivate [as parseExprOps] 
(node_modules/@babel/parser/src/parser/expression.ts:429:23
)
      at Parser.parseExprOps [as parseMaybeConditional] (no
de_modules/@babel/parser/src/parser/expression.ts:384:23)
      at Parser.parseMaybeConditional [as parseMaybeAssign]
 (node_modules/@babel/parser/src/parser/expression.ts:301:2
1)
      at Parser.parseMaybeAssign [as parseExpressionBase] (
node_modules/@babel/parser/src/parser/expression.ts:226:23)
      at parseExpressionBase (node_modules/@babel/parser/sr
c/parser/expression.ts:217:39)
      at Parser.callback [as allowInAnd] (node_modules/@bab
el/parser/src/parser/expression.ts:3197:16)
      at Parser.allowInAnd [as parseExpression] (node_modul
es/@babel/parser/src/parser/expression.ts:217:17)
      at Parser.parseExpression [as parseStatementContent] 
(node_modules/@babel/parser/src/parser/statement.ts:688:23)
      at Parser.parseStatementContent [as parseStatementLik
e] (node_modules/@babel/parser/src/parser/statement.ts:482:
17)
      at Parser.parseStatementLike [as parseModuleItem] (no
de_modules/@babel/parser/src/parser/statement.ts:419:17)
      at Parser.parseModuleItem [as parseBlockOrModuleBlock
Body] (node_modules/@babel/parser/src/parser/statement.ts:1
443:16)
      at Parser.parseBlockOrModuleBlockBody [as parseBlockB
ody] (node_modules/@babel/parser/src/parser/statement.ts:14
17:10)
      at Parser.parseBlockBody [as parseProgram] (node_modu
les/@babel/parser/src/parser/statement.ts:229:10)
      at Parser.parseProgram [as parseTopLevel] (node_modul
es/@babel/parser/src/parser/statement.ts:203:25)
      at Parser.parseTopLevel [as parse] (node_modules/@bab
el/parser/src/parser/index.ts:88:25)
      at parse (node_modules/@babel/parser/src/index.ts:86:
38)
      at parser (node_modules/@babel/core/src/parser/index.
ts:29:19)
          at parser.next (<anonymous>)
      at normalizeFile (node_modules/@babel/core/src/transf
ormation/normalize-file.ts:50:24)
          at normalizeFile.next (<anonymous>)
      at run (node_modules/@babel/core/src/transformation/i
ndex.ts:41:36)
          at run.next (<anonymous>)
      at transform (node_modules/@babel/core/src/transform.
ts:29:20)
          at transform.next (<anonymous>)
      at evaluateSync (node_modules/gensync/index.js:251:28
)
      at sync (node_modules/gensync/index.js:89:14)
      at fn (node_modules/@babel/core/src/errors/rewrite-st
ack-trace.ts:99:14)
      at transformSync (node_modules/@babel/core/src/transf
orm.ts:66:52)
      at ScriptTransformer.transformSource (node_modules/@j
est/transform/build/ScriptTransformer.js:545:31)
      at ScriptTransformer._transformAndBuildScript (node_m
odules/@jest/transform/build/ScriptTransformer.js:674:40)
      at ScriptTransformer.transform (node_modules/@jest/tr
ansform/build/ScriptTransformer.js:726:19)

FAIL __tests__/auth.test.js
  ÔŚĆ Test suite failed to run

    Jest encountered an unexpected token

    Jest failed to parse a file. This happens e.g. when you
r code or its dependencies use non-standard JavaScript synt
ax, or when Jest is not configured to support such syntax.

    Out of the box Jest supports Babel, which will be used 
to transform your files into valid JS based on your Babel c
onfiguration.

    By default "node_modules" folder is ignored by transfor
mers.

    Here's what you can do:
     ÔÇó If you are trying to use ECMAScript Modules, see h
ttps://jestjs.io/docs/ecmascript-modules for how to enable 
it.
     ÔÇó If you are trying to use TypeScript, see https://j
estjs.io/docs/getting-started#using-typescript
     ÔÇó To have some of your "node_modules" files transfor
med, you can specify a custom "transformIgnorePatterns" in 
your config.
     ÔÇó If you need a custom transformation specify a "tra
nsform" option in your config.
     ÔÇó If you simply want to mock your non-JS modules (e.
g. binary assets) you can stub them out with the "moduleNam
eMapper" config option.

    You'll find more details and examples of these config o
ptions in the docs:
    https://jestjs.io/docs/configuration
    For information about custom transformations, see:
    https://jestjs.io/docs/code-transformation

    Details:

    SyntaxError: C:\Users\konhaw\Desktop\Uczelnia\JS\Projek
tJS\__tests__\auth.test.js: Identifier 'resU' has already b
een declared. (37:10)

    [0m [90m 35 |[39m   test([32m'login returns token a
nd role for users'[39m[33m,[39m [36masync[39m () [33m
=>[39m {
     [90m 36 |[39m     [36mconst[39m resU [33m=[39m 
[36mawait[39m request(app)[33m.[39mpost([32m'/auth/logi
n'[39m)[33m.[39msend({ username[33m:[39m [32m'Usr'[3
9m[33m,[39m password[33m:[39m [32m'hs┼é'[39m })[33m;
[39m
    [31m[1m>[22m[39m[90m 37 |[39m     [36mconst[39m
 resU [33m=[39m [36mawait[39m request(app)[33m.[39mpo
st([32m'/auth/login'[39m)[33m.[39msend({ username[33m:
[39m [32m'Usr'[39m[33m,[39m password[33m:[39m [32m'
test123'[39m })[33m;[39m
     [90m    |[39m           [31m[1m^[22m[39m
     [90m 38 |[39m     expect(resU[33m.[39mbody)[33m.
[39mtoHaveProperty([32m'token'[39m)[33m;[39m
     [90m 39 |[39m     expect(resU[33m.[39mbody[33m.[
39muser)[33m.[39mtoHaveProperty([32m'role'[39m[33m,[3
9m [35m1[39m)[33m;[39m
     [90m 40 |[39m[0m

      at constructor (node_modules/@babel/parser/src/parse-
error.ts:95:45)
      at Parser.toParseError [as raise] (node_modules/@babe
l/parser/src/tokenizer/index.ts:1507:19)
      at ScopeHandler.raise [as checkRedeclarationInScope] 
(node_modules/@babel/parser/src/util/scope.ts:164:19)
      at ScopeHandler.checkRedeclarationInScope [as declare
Name] (node_modules/@babel/parser/src/util/scope.ts:118:12)
      at Parser.declareName [as declareNameFromIdentifier] 
(node_modules/@babel/parser/src/parser/lval.ts:852:16)
      at Parser.declareNameFromIdentifier [as checkIdentifi
er] (node_modules/@babel/parser/src/parser/lval.ts:847:12)
      at Parser.checkIdentifier [as checkLVal] (node_module
s/@babel/parser/src/parser/lval.ts:739:12)
      at Parser.checkLVal [as parseVarId] (node_modules/@ba
bel/parser/src/parser/statement.ts:1633:10)
      at Parser.parseVarId [as parseVar] (node_modules/@bab
el/parser/src/parser/statement.ts:1582:12)
      at Parser.parseVar [as parseVarStatement] (node_modul
es/@babel/parser/src/parser/statement.ts:1251:10)
      at Parser.parseVarStatement [as parseStatementContent
] (node_modules/@babel/parser/src/parser/statement.ts:612:2
1)
      at Parser.parseStatementContent [as parseStatementLik
e] (node_modules/@babel/parser/src/parser/statement.ts:482:
17)
      at Parser.parseStatementLike [as parseStatementListIt
em] (node_modules/@babel/parser/src/parser/statement.ts:431
:17)
      at Parser.parseStatementListItem [as parseBlockOrModu
leBlockBody] (node_modules/@babel/parser/src/parser/stateme
nt.ts:1444:16)
      at Parser.parseBlockOrModuleBlockBody [as parseBlockB
ody] (node_modules/@babel/parser/src/parser/statement.ts:14
17:10)
      at Parser.parseBlockBody [as parseBlock] (node_module
s/@babel/parser/src/parser/statement.ts:1385:10)
      at Parser.parseBlock [as parseFunctionBody] (node_mod
ules/@babel/parser/src/parser/expression.ts:2626:24)
      at Parser.parseFunctionBody [as parseArrowExpression]
 (node_modules/@babel/parser/src/parser/expression.ts:2563:
10)
      at Parser.parseArrowExpression [as parseAsyncArrowFro
mCallExpression] (node_modules/@babel/parser/src/parser/exp
ression.ts:1067:10)
      at Parser.parseAsyncArrowFromCallExpression [as parse
CoverCallAndAsyncArrowHead] (node_modules/@babel/parser/src
/parser/expression.ts:942:27)
      at Parser.parseCoverCallAndAsyncArrowHead [as parseSu
bscript] (node_modules/@babel/parser/src/parser/expression.
ts:804:19)
      at Parser.parseSubscript [as parseSubscripts] (node_m
odules/@babel/parser/src/parser/expression.ts:763:19)
      at Parser.parseSubscripts [as parseExprSubscripts] (n
ode_modules/@babel/parser/src/parser/expression.ts:748:17)
      at Parser.parseExprSubscripts [as parseUpdate] (node_
modules/@babel/parser/src/parser/expression.ts:721:21)
      at Parser.parseUpdate [as parseMaybeUnary] (node_modu
les/@babel/parser/src/parser/expression.ts:683:23)
      at Parser.parseMaybeUnary [as parseMaybeUnaryOrPrivat
e] (node_modules/@babel/parser/src/parser/expression.ts:417
:14)
      at Parser.parseMaybeUnaryOrPrivate [as parseExprOps] 
(node_modules/@babel/parser/src/parser/expression.ts:429:23
)
      at Parser.parseExprOps [as parseMaybeConditional] (no
de_modules/@babel/parser/src/parser/expression.ts:384:23)
      at Parser.parseMaybeConditional [as parseMaybeAssign]
 (node_modules/@babel/parser/src/parser/expression.ts:301:2
1)
      at parseMaybeAssign (node_modules/@babel/parser/src/p
arser/expression.ts:257:12)
      at Parser.callback [as allowInAnd] (node_modules/@bab
el/parser/src/parser/expression.ts:3202:12)
      at Parser.allowInAnd [as parseMaybeAssignAllowIn] (no
de_modules/@babel/parser/src/parser/expression.ts:256:17)
      at Parser.parseMaybeAssignAllowIn [as parseMaybeAssig
nAllowInOrVoidPattern] (node_modules/@babel/parser/src/pars
er/expression.ts:3316:17)
      at Parser.parseMaybeAssignAllowInOrVoidPattern [as pa
rseExprListItem] (node_modules/@babel/parser/src/parser/exp
ression.ts:2798:18)
      at Parser.parseExprListItem [as parseCallExpressionAr
guments] (node_modules/@babel/parser/src/parser/expression.
ts:1042:14)
      at Parser.parseCallExpressionArguments [as parseCover
CallAndAsyncArrowHead] (node_modules/@babel/parser/src/pars
er/expression.ts:922:29)
      at Parser.parseCoverCallAndAsyncArrowHead [as parseSu
bscript] (node_modules/@babel/parser/src/parser/expression.
ts:804:19)
      at Parser.parseSubscript [as parseSubscripts] (node_m
odules/@babel/parser/src/parser/expression.ts:763:19)
      at Parser.parseSubscripts [as parseExprSubscripts] (n
ode_modules/@babel/parser/src/parser/expression.ts:748:17)
      at Parser.parseExprSubscripts [as parseUpdate] (node_
modules/@babel/parser/src/parser/expression.ts:721:21)
      at Parser.parseUpdate [as parseMaybeUnary] (node_modu
les/@babel/parser/src/parser/expression.ts:683:23)
      at Parser.parseMaybeUnary [as parseMaybeUnaryOrPrivat
e] (node_modules/@babel/parser/src/parser/expression.ts:417
:14)
      at Parser.parseMaybeUnaryOrPrivate [as parseExprOps] 
(node_modules/@babel/parser/src/parser/expression.ts:429:23
)
      at Parser.parseExprOps [as parseMaybeConditional] (no
de_modules/@babel/parser/src/parser/expression.ts:384:23)
      at Parser.parseMaybeConditional [as parseMaybeAssign]
 (node_modules/@babel/parser/src/parser/expression.ts:301:2
1)
      at Parser.parseMaybeAssign [as parseExpressionBase] (
node_modules/@babel/parser/src/parser/expression.ts:226:23)
      at parseExpressionBase (node_modules/@babel/parser/sr
c/parser/expression.ts:217:39)
      at Parser.callback [as allowInAnd] (node_modules/@bab
el/parser/src/parser/expression.ts:3197:16)
      at Parser.allowInAnd [as parseExpression] (node_modul
es/@babel/parser/src/parser/expression.ts:217:17)
      at Parser.parseExpression [as parseStatementContent] 
(node_modules/@babel/parser/src/parser/statement.ts:688:23)
      at Parser.parseStatementContent [as parseStatementLik
e] (node_modules/@babel/parser/src/parser/statement.ts:482:
17)
      at Parser.parseStatementLike [as parseStatementListIt
em] (node_modules/@babel/parser/src/parser/statement.ts:431
:17)
      at Parser.parseStatementListItem [as parseBlockOrModu
leBlockBody] (node_modules/@babel/parser/src/parser/stateme
nt.ts:1444:16)
      at Parser.parseBlockOrModuleBlockBody [as parseBlockB
ody] (node_modules/@babel/parser/src/parser/statement.ts:14
17:10)
      at Parser.parseBlockBody [as parseBlock] (node_module
s/@babel/parser/src/parser/statement.ts:1385:10)
      at Parser.parseBlock [as parseFunctionBody] (node_mod
ules/@babel/parser/src/parser/expression.ts:2626:24)
      at Parser.parseFunctionBody [as parseArrowExpression]
 (node_modules/@babel/parser/src/parser/expression.ts:2563:
10)
      at Parser.parseArrowExpression [as parseParenAndDisti
nguishExpression] (node_modules/@babel/parser/src/parser/ex
pression.ts:1847:12)
      at Parser.parseParenAndDistinguishExpression [as pars
eExprAtom] (node_modules/@babel/parser/src/parser/expressio
n.ts:1170:21)
      at Parser.parseExprAtom [as parseExprSubscripts] (nod
e_modules/@babel/parser/src/parser/expression.ts:742:23)
      at Parser.parseExprSubscripts [as parseUpdate] (node_
modules/@babel/parser/src/parser/expression.ts:721:21)
      at Parser.parseUpdate [as parseMaybeUnary] (node_modu
les/@babel/parser/src/parser/expression.ts:683:23)
      at Parser.parseMaybeUnary [as parseMaybeUnaryOrPrivat
e] (node_modules/@babel/parser/src/parser/expression.ts:417
:14)
      at Parser.parseMaybeUnaryOrPrivate [as parseExprOps] 
(node_modules/@babel/parser/src/parser/expression.ts:429:23
)
      at Parser.parseExprOps [as parseMaybeConditional] (no
de_modules/@babel/parser/src/parser/expression.ts:384:23)
      at Parser.parseMaybeConditional [as parseMaybeAssign]
 (node_modules/@babel/parser/src/parser/expression.ts:301:2
1)
      at parseMaybeAssign (node_modules/@babel/parser/src/p
arser/expression.ts:257:12)
      at Parser.callback [as allowInAnd] (node_modules/@bab
el/parser/src/parser/expression.ts:3202:12)
      at Parser.allowInAnd [as parseMaybeAssignAllowIn] (no
de_modules/@babel/parser/src/parser/expression.ts:256:17)
      at Parser.parseMaybeAssignAllowIn [as parseMaybeAssig
nAllowInOrVoidPattern] (node_modules/@babel/parser/src/pars
er/expression.ts:3316:17)
      at Parser.parseMaybeAssignAllowInOrVoidPattern [as pa
rseExprListItem] (node_modules/@babel/parser/src/parser/exp
ression.ts:2798:18)
      at Parser.parseExprListItem [as parseCallExpressionAr
guments] (node_modules/@babel/parser/src/parser/expression.
ts:1042:14)
      at Parser.parseCallExpressionArguments [as parseCover
CallAndAsyncArrowHead] (node_modules/@babel/parser/src/pars
er/expression.ts:922:29)
      at Parser.parseCoverCallAndAsyncArrowHead [as parseSu
bscript] (node_modules/@babel/parser/src/parser/expression.
ts:804:19)
      at Parser.parseSubscript [as parseSubscripts] (node_m
odules/@babel/parser/src/parser/expression.ts:763:19)
      at Parser.parseSubscripts [as parseExprSubscripts] (n
ode_modules/@babel/parser/src/parser/expression.ts:748:17)
      at Parser.parseExprSubscripts [as parseUpdate] (node_
modules/@babel/parser/src/parser/expression.ts:721:21)
      at Parser.parseUpdate [as parseMaybeUnary] (node_modu
les/@babel/parser/src/parser/expression.ts:683:23)
      at Parser.parseMaybeUnary [as parseMaybeUnaryOrPrivat
e] (node_modules/@babel/parser/src/parser/expression.ts:417
:14)
      at Parser.parseMaybeUnaryOrPrivate [as parseExprOps] 
(node_modules/@babel/parser/src/parser/expression.ts:429:23
)
      at Parser.parseExprOps [as parseMaybeConditional] (no
de_modules/@babel/parser/src/parser/expression.ts:384:23)
      at Parser.parseMaybeConditional [as parseMaybeAssign]
 (node_modules/@babel/parser/src/parser/expression.ts:301:2
1)
      at Parser.parseMaybeAssign [as parseExpressionBase] (
node_modules/@babel/parser/src/parser/expression.ts:226:23)
      at parseExpressionBase (node_modules/@babel/parser/sr
c/parser/expression.ts:217:39)
      at Parser.callback [as allowInAnd] (node_modules/@bab
el/parser/src/parser/expression.ts:3197:16)
      at Parser.allowInAnd [as parseExpression] (node_modul
es/@babel/parser/src/parser/expression.ts:217:17)
      at Parser.parseExpression [as parseStatementContent] 
(node_modules/@babel/parser/src/parser/statement.ts:688:23)
      at Parser.parseStatementContent [as parseStatementLik
e] (node_modules/@babel/parser/src/parser/statement.ts:482:
17)
      at Parser.parseStatementLike [as parseModuleItem] (no
de_modules/@babel/parser/src/parser/statement.ts:419:17)
      at Parser.parseModuleItem [as parseBlockOrModuleBlock
Body] (node_modules/@babel/parser/src/parser/statement.ts:1
443:16)
      at Parser.parseBlockOrModuleBlockBody [as parseBlockB
ody] (node_modules/@babel/parser/src/parser/statement.ts:14
17:10)
      at Parser.parseBlockBody [as parseProgram] (node_modu
les/@babel/parser/src/parser/statement.ts:229:10)
      at Parser.parseProgram [as parseTopLevel] (node_modul
es/@babel/parser/src/parser/statement.ts:203:25)
      at Parser.parseTopLevel [as parse] (node_modules/@bab
el/parser/src/parser/index.ts:88:25)
      at parse (node_modules/@babel/parser/src/index.ts:86:
38)
      at parser (node_modules/@babel/core/src/parser/index.
ts:29:19)
          at parser.next (<anonymous>)
      at normalizeFile (node_modules/@babel/core/src/transf
ormation/normalize-file.ts:50:24)
          at normalizeFile.next (<anonymous>)
      at run (node_modules/@babel/core/src/transformation/i
ndex.ts:41:36)

Test Suites: 5 failed, 5 passed, 10 total
Tests:       5 failed, 12 passed, 17 total
Snapshots:   0 total
Time:        6.154 s, estimated 9 s
Ran all test suites.
Jest did not exit one second after the test run has complet
ed.

'This usually means that there are asynchronous operations 
that weren't stopped in your tests. Consider running Jest w
ith `--detectOpenHandles` to troubleshoot this issue.
